
> v4-sujeet-pro@0.0.1 build
> npm run clean && astro build


> v4-sujeet-pro@0.0.1 clean
> rm -rf .astro dist

14:22:41 [content] Syncing content
14:22:41 [content] Synced content
14:22:41 [types] Generated 294ms
14:22:41 [build] output: "static"
14:22:41 [build] mode: "static"
14:22:41 [build] directory: /Users/sujeet/personal/v4.sujeet.pro/dist/
14:22:41 [build] Collecting build info...
14:22:41 [build] ✓ Completed in 335ms.
14:22:41 [build] Building static entrypoints...
14:22:42 [vite] ✓ built in 1.04s
14:22:42 [build] ✓ Completed in 1.06s.

 building client (vite) 
14:22:42 [vite] transforming...
14:22:43 [vite] ✓ 57 modules transformed.
14:22:43 [vite] rendering chunks...
14:22:43 [vite] computing gzip size...
14:22:43 [vite] dist/_astro/ec.0vx5m.js                                               2.52 kB
14:22:43 [vite] dist/_astro/ec.kxopx.css                                             21.29 kB │ gzip:  4.71 kB
14:22:43 [vite] dist/_astro/page.CFZRraRb.js                                          2.58 kB │ gzip:  1.15 kB
14:22:43 [vite] dist/_astro/toc.astro_astro_type_script_index_0_lang.87n9FQvl.js      4.18 kB │ gzip:  1.57 kB
14:22:43 [vite] dist/_astro/search.astro_astro_type_script_index_0_lang.qszJeU4J.js  72.85 kB │ gzip: 24.74 kB
14:22:43 [vite] ✓ built in 153ms

 generating static routes 
14:22:43 ▶ src/pages/404.astro
14:22:43   └─ /404.html (+47ms) 
14:22:43 ▶ src/pages/articles.astro
14:22:43   └─ /articles.html (+16ms) 
14:22:43 ▶ src/pages/browse.astro
14:22:43   └─ /browse.htmlThe collection undefined does not exist or is empty. Please check your content config file for errors.
The collection undefined does not exist or is empty. Please check your content config file for errors.
The collection undefined does not exist or is empty. Please check your content config file for errors.
 (+6ms) 
14:22:43 λ src/pages/browserconfig.xml.ts
14:22:43   └─ /browserconfig.xml (+0ms) 
14:22:43 ▶ src/pages/cv.astro
14:22:43   └─ /cv.html (+1ms) 
14:22:43 ▶ src/pages/deep-dives/[category].astro
14:22:43   ├─ /deep-dives/system-design-fundamentals.html (+2ms) 
14:22:43   ├─ /deep-dives/design-problems.html (+1ms) 
14:22:43   ├─ /deep-dives/dsa.html (+1ms) 
14:22:43   ├─ /deep-dives/leadership.html (+1ms) 
14:22:43   ├─ /deep-dives/tools.html (+2ms) 
14:22:43   └─ /deep-dives/web-fundamentals.html (+3ms) 
14:22:43 ▶ src/pages/deep-dives/index.astro
14:22:43   └─ /deep-dives.html (+6ms) 
14:22:43 ▶ src/pages/deep-dives/[...slug].astro
14:22:43   ├─ /deep-dives/web-fundamentals/dom-apis.html (+3ms) 
14:22:43   ├─ /deep-dives/tools/statsig.html (+3ms) 
14:22:43   ├─ /deep-dives/tools/k6.html (+2ms) 
14:22:43   ├─ /deep-dives/tools/react-architecture.html (+6ms) 
14:22:43   ├─ /deep-dives/tools/react-hooks.html (+3ms) 
14:22:43   ├─ /deep-dives/web-fundamentals/wpo-overview.html (+2ms) 
14:22:43   ├─ /deep-dives/web-fundamentals/wpo-infra.html (+2ms) 
14:22:43   ├─ /deep-dives/web-fundamentals/wpo-js.html (+2ms) 
14:22:43   ├─ /deep-dives/dsa/binary-search.html (+1ms) 
14:22:43   ├─ /deep-dives/dsa/hash-tables.html (+1ms) 
14:22:43   ├─ /deep-dives/leadership/hiring-engineers.html (+1ms) 
14:22:43   ├─ /deep-dives/leadership/technical-roadmapping.html (+1ms) 
14:22:43   ├─ /deep-dives/system-design-fundamentals/url-shortener.html (+1ms) 
14:22:43   ├─ /deep-dives/web-fundamentals/wpo-font.html (+1ms) 
14:22:43   ├─ /deep-dives/web-fundamentals/wpo-css.html (+1ms) 
14:22:43   ├─ /deep-dives/web-fundamentals/wpo-img.html (+1ms) 
14:22:43   ├─ /deep-dives/web-fundamentals/wpo-patterns.html (+1ms) 
14:22:43   ├─ /deep-dives/web-fundamentals/micro-frontends.html (+2ms) 
14:22:43   ├─ /deep-dives/web-fundamentals/crp.html (+2ms) 
14:22:43   ├─ /deep-dives/tools/v8.html (+2ms) 
14:22:43   ├─ /deep-dives/tools/libuv.html (+1ms) 
14:22:43   ├─ /deep-dives/web-fundamentals/js-event-loop.html (+2ms) 
14:22:43   ├─ /deep-dives/tools/node-js.html (+1ms) 
14:22:43   ├─ /deep-dives/system-design-fundamentals/caching-lru.html (+2ms) 
14:22:43   ├─ /deep-dives/web-fundamentals/auth.html (+2ms) 
14:22:43   ├─ /deep-dives/web-fundamentals/wpo-img-formats.html (+1ms) 
14:22:43   ├─ /deep-dives/web-fundamentals/accessibility.html (+2ms) 
14:22:43   ├─ /deep-dives/web-fundamentals/security.html (+2ms) 
14:22:43   ├─ /deep-dives/system-design-fundamentals/caching.html (+1ms) 
14:22:43   └─ /deep-dives/web-fundamentals/http.html (+2ms) 
14:22:43 ▶ src/pages/drafts.astro
14:22:43   └─ /drafts.html (+4ms) 
14:22:43 λ src/pages/llms-full.txt.ts
14:22:43   └─ /llms-full.txt (+7ms) 
14:22:43 λ src/pages/llms.txt.ts
14:22:43   └─ /llms.txt (+2ms) 
14:22:43 λ src/pages/manifest.json.ts
14:22:43   └─ /manifest.json (+4ms) 
14:22:43 ▶ src/pages/notes/[category].astro
14:22:43   ├─ /notes/programming.html (+2ms) 
14:22:43   ├─ /notes/design-docs.html (+1ms) 
14:22:43   ├─ /notes/adoptions.html (+1ms) 
14:22:43   ├─ /notes/platform-engineering.html (+1ms) 
14:22:43   ├─ /notes/productivity.html (+1ms) 
14:22:43   └─ /notes/tools.html (+1ms) 
14:22:43 ▶ src/pages/notes/index.astro
14:22:43   └─ /notes.html (+3ms) 
14:22:43 ▶ src/pages/notes/[...slug].astro
14:22:43   ├─ /notes/productivity/chrome-setup.html (+1ms) 
14:22:43   ├─ /notes/design-docs/component-architecture.html (+4ms) 
14:22:43   ├─ /notes/design-docs/csp-sentinel.html (+2ms) 
14:22:43   ├─ /notes/platform-engineering/image-service.html (+3ms) 
14:22:43   ├─ /notes/adoptions/ecommerce-ssg-to-ssr-migration.html (+2ms) 
14:22:43   ├─ /notes/adoptions/design-system-adoption-playbook.html (+2ms) 
14:22:43   ├─ /notes/platform-engineering/video-playback.html (+1ms) 
14:22:43   ├─ /notes/platform-engineering/ssg-optimizations.html (+2ms) 
14:22:43   ├─ /notes/programming/async-queue.html (+2ms) 
14:22:43   ├─ /notes/programming/exponential-backoff.html (+1ms) 
14:22:43   ├─ /notes/programming/js-str-len.html (+1ms) 
14:22:43   ├─ /notes/programming/error-handling.html (+1ms) 
14:22:43   └─ /notes/programming/pub-sub.html (+1ms) 
14:22:43 λ src/pages/rss.xml.ts
14:22:43   └─ /rss.xml (+6ms) 
14:22:43 λ src/pages/search/index.json.ts
14:22:43   └─ /search/index.json (+12ms) 
14:22:43 ▶ src/pages/search.astro
14:22:43   └─ /search.html (+7ms) 
14:22:43 ▶ src/pages/tag/[tag].astro
14:22:43   ├─ /tag/access-control.html (+1ms) 
14:22:43   ├─ /tag/algorithms.html (+1ms) 
14:22:43   ├─ /tag/angular.html (+1ms) 
14:22:43   ├─ /tag/architecture.html (+3ms) 
14:22:43   ├─ /tag/authentication.html (+1ms) 
14:22:43   ├─ /tag/authorization.html (+1ms) 
14:22:43   ├─ /tag/aws.html (+1ms) 
14:22:43   ├─ /tag/backend.html (+2ms) 
14:22:43   ├─ /tag/caching.html (+1ms) 
14:22:43   ├─ /tag/cdn.html (+1ms) 
14:22:43   ├─ /tag/change-management.html (+1ms) 
14:22:43   ├─ /tag/encoding.html (+1ms) 
14:22:43   ├─ /tag/ci-cd.html (+1ms) 
14:22:43   ├─ /tag/cloudfront.html (+1ms) 
14:22:43   ├─ /tag/cls.html (+1ms) 
14:22:43   ├─ /tag/codecs.html (+1ms) 
14:22:43   ├─ /tag/component-library.html (+1ms) 
14:22:43   ├─ /tag/compression.html (+1ms) 
14:22:43   ├─ /tag/concurrency.html (+1ms) 
14:22:43   ├─ /tag/core-web-vitals.html (+1ms) 
14:22:43   ├─ /tag/cryptography.html (+1ms) 
14:22:43   ├─ /tag/csp.html (+1ms) 
14:22:43   ├─ /tag/csr.html (+1ms) 
14:22:43   ├─ /tag/css.html (+1ms) 
14:22:43   ├─ /tag/dash.html (+1ms) 
14:22:43   ├─ /tag/data-structures.html (+1ms) 
14:22:43   ├─ /tag/database-optimization.html (+1ms) 
14:22:43   ├─ /tag/deployment.html (+1ms) 
14:22:43   ├─ /tag/design-patterns.html (+1ms) 
14:22:43   ├─ /tag/design-system.html (+1ms) 
14:22:43   ├─ /tag/design-tokens.html (+1ms) 
14:22:43   ├─ /tag/devops.html (+1ms) 
14:22:43   ├─ /tag/distributed-systems.html (+1ms) 
14:22:43   ├─ /tag/dns.html (+1ms) 
14:22:43   ├─ /tag/dom.html (+1ms) 
14:22:43   ├─ /tag/drm.html (+1ms) 
14:22:43   ├─ /tag/dsa.html (+5ms) 
14:22:43   ├─ /tag/ecomm.html (+1ms) 
14:22:43   ├─ /tag/edge-computing.html (+1ms) 
14:22:43   ├─ /tag/error-handling.html (+1ms) 
14:22:43   ├─ /tag/event-loop.html (+1ms) 
14:22:43   ├─ /tag/executive-sponsorship.html (+1ms) 
14:22:43   ├─ /tag/experimentation.html (+1ms) 
14:22:43   ├─ /tag/feature-flags.html (+1ms) 
14:22:43   ├─ /tag/fonts.html (+1ms) 
14:22:43   ├─ /tag/frontend.html (+3ms) 
14:22:43   ├─ /tag/frontend-architecture.html (+1ms) 
14:22:43   ├─ /tag/fp.html (+1ms) 
14:22:43   ├─ /tag/gatsby.html (+1ms) 
14:22:43   ├─ /tag/governance.html (+1ms) 
14:22:43   ├─ /tag/hls.html (+1ms) 
14:22:43   ├─ /tag/html.html (+1ms) 
14:22:43   ├─ /tag/http.html (+1ms) 
14:22:43   ├─ /tag/http-headers.html (+1ms) 
14:22:43   ├─ /tag/http3.html (+1ms) 
14:22:43   ├─ /tag/image-processing.html (+1ms) 
14:22:43   ├─ /tag/images.html (+1ms) 
14:22:43   ├─ /tag/infrastructure.html (+1ms) 
14:22:43   ├─ /tag/infrastructure-optimization.html (+1ms) 
14:22:43   ├─ /tag/injection.html (+1ms) 
14:22:43   ├─ /tag/javascript.html (+1ms) 
14:22:43   ├─ /tag/js.html (+3ms) 
14:22:43   ├─ /tag/jwt.html (+1ms) 
14:22:43   ├─ /tag/k6.html (+1ms) 
14:22:43   ├─ /tag/libuv.html (+1ms) 
14:22:43   ├─ /tag/load-balancing.html (+1ms) 
14:22:43   ├─ /tag/load-testing.html (+1ms) 
14:22:43   ├─ /tag/micro-frontends.html (+1ms) 
14:22:43   ├─ /tag/microservices.html (+1ms) 
14:22:43   ├─ /tag/migration-strategy.html (+1ms) 
14:22:43   ├─ /tag/monads.html (+1ms) 
14:22:43   ├─ /tag/multi-tenancy.html (+1ms) 
14:22:43   ├─ /tag/networking.html (+1ms) 
14:22:43   ├─ /tag/next.html (+1ms) 
14:22:43   ├─ /tag/node.html (+1ms) 
14:22:43   ├─ /tag/nodejs.html (+1ms) 
14:22:43   ├─ /tag/oauth.html (+1ms) 
14:22:43   ├─ /tag/organizational-change.html (+2ms) 
14:22:43   ├─ /tag/owasp.html (+1ms) 
14:22:43   ├─ /tag/performance.html (+9ms) 
14:22:43   ├─ /tag/performance-optimization.html (+3ms) 
14:22:43   ├─ /tag/performance-testing.html (+1ms) 
14:22:43   ├─ /tag/platform-engineering.html (+1ms) 
14:22:43   ├─ /tag/productivity.html (+1ms) 
14:22:43   ├─ /tag/protocol-negotiation.html (+1ms) 
14:22:43   ├─ /tag/quality-assurance.html (+1ms) 
14:22:43   ├─ /tag/quic.html (+1ms) 
14:22:43   ├─ /tag/react.html (+1ms) 
14:22:43   ├─ /tag/hooks.html (+1ms) 
14:22:43   ├─ /tag/resilience.html (+1ms) 
14:22:43   ├─ /tag/roi-analysis.html (+1ms) 
14:22:43   ├─ /tag/rollback.html (+1ms) 
14:22:43   ├─ /tag/saml.html (+1ms) 
14:22:43   ├─ /tag/scalability.html (+1ms) 
14:22:43   ├─ /tag/security.html (+1ms) 
14:22:43   ├─ /tag/smoke-testing.html (+1ms) 
14:22:43   ├─ /tag/soak-testing.html (+1ms) 
14:22:43   ├─ /tag/spike-testing.html (+1ms) 
14:22:43   ├─ /tag/sre.html (+1ms) 
14:22:43   ├─ /tag/ssg.html (+1ms) 
14:22:43   ├─ /tag/ssr.html (+1ms) 
14:22:43   ├─ /tag/stakeholder-management.html (+1ms) 
14:22:43   ├─ /tag/stress-testing.html (+1ms) 
14:22:43   ├─ /tag/svelte.html (+1ms) 
14:22:43   ├─ /tag/system-design.html (+1ms) 
14:22:43   ├─ /tag/team-management.html (+1ms) 
14:22:43   ├─ /tag/technology-migration.html (+1ms) 
14:22:43   ├─ /tag/tls.html (+2ms) 
14:22:43   ├─ /tag/transport-protocols.html (+1ms) 
14:22:43   ├─ /tag/ts.html (+1ms) 
14:22:43   ├─ /tag/typography.html (+1ms) 
14:22:43   ├─ /tag/ui-consistency.html (+1ms) 
14:22:43   ├─ /tag/unicode.html (+1ms) 
14:22:43   ├─ /tag/redirection.html (+1ms) 
14:22:43   ├─ /tag/v8-engine.html (+1ms) 
14:22:43   ├─ /tag/video-playback.html (+1ms) 
14:22:43   ├─ /tag/video-streaming.html (+1ms) 
14:22:43   ├─ /tag/vpc.html (+1ms) 
14:22:43   ├─ /tag/vue.html (+1ms) 
14:22:43   ├─ /tag/web-api.html (+1ms) 
14:22:43   ├─ /tag/web.html (+1ms) 
14:22:43   ├─ /tag/web-performance.html (+2ms) 
14:22:43   └─ /tag/web-security.html (+1ms) 
14:22:43 ▶ src/pages/tag/index.astro
14:22:43   └─ /tag.html (+8ms) 
14:22:43 ▶ src/pages/[vanity].astro
14:22:43   ├─ /gh.html (+0ms) 
14:22:43   ├─ /in.html (+0ms) 
14:22:43   ├─ /linkedin.html (+0ms) 
14:22:43   ├─ /twitter.html (+0ms) 
14:22:43   ├─ /x.html (+0ms) 
14:22:43   ├─ /ig.html (+0ms) 
14:22:43   ├─ /instagram.html (+0ms) 
14:22:43   ├─ /dev-to.html (+0ms) 
14:22:43   ├─ /hashnode.html (+0ms) 
14:22:43   ├─ /medium.html (+0ms) 
14:22:43   ├─ /stackoverflow.html (+0ms) 
14:22:43   ├─ /cv-doc.html (+0ms) 
14:22:43   └─ /download-cv.html (+0ms) 
14:22:43 ▶ src/pages/index.astro
14:22:43   └─ /index.html (+4ms) 
14:22:43 ▶ /post
14:22:43   └─ /post.html (+0ms) 
14:22:43 ▶ /post/[...slug]
14:22:43   ├─ /post/productivity/chrome-setup.html (+0ms) 
14:22:43   ├─ /post/design-docs/component-architecture.html (+0ms) 
14:22:43   ├─ /post/design-docs/csp-sentinel.html (+0ms) 
14:22:43   ├─ /post/platform-engineering/image-service.html (+0ms) 
14:22:43   ├─ /post/adoptions/ecommerce-ssg-to-ssr-migration.html (+0ms) 
14:22:43   ├─ /post/adoptions/design-system-adoption-playbook.html (+0ms) 
14:22:43   ├─ /post/platform-engineering/video-playback.html (+0ms) 
14:22:43   ├─ /post/platform-engineering/ssg-optimizations.html (+0ms) 
14:22:43   ├─ /post/programming/async-queue.html (+0ms) 
14:22:43   ├─ /post/programming/exponential-backoff.html (+0ms) 
14:22:43   ├─ /post/programming/js-str-len.html (+0ms) 
14:22:43   ├─ /post/programming/error-handling.html (+0ms) 
14:22:43   └─ /post/programming/pub-sub.html (+0ms) 
14:22:43 ▶ /uses
14:22:43   └─ /uses.html (+0ms) 
14:22:43 ▶ /uses/[...slug]
14:22:43   ├─ /uses/productivity/chrome-setup.html (+0ms) 
14:22:43   ├─ /uses/design-docs/component-architecture.html (+0ms) 
14:22:43   ├─ /uses/design-docs/csp-sentinel.html (+0ms) 
14:22:43   ├─ /uses/platform-engineering/image-service.html (+0ms) 
14:22:43   ├─ /uses/adoptions/ecommerce-ssg-to-ssr-migration.html (+0ms) 
14:22:43   ├─ /uses/adoptions/design-system-adoption-playbook.html (+0ms) 
14:22:43   ├─ /uses/platform-engineering/video-playback.html (+0ms) 
14:22:43   ├─ /uses/platform-engineering/ssg-optimizations.html (+0ms) 
14:22:43   ├─ /uses/programming/async-queue.html (+0ms) 
14:22:43   ├─ /uses/programming/exponential-backoff.html (+0ms) 
14:22:43   ├─ /uses/programming/js-str-len.html (+0ms) 
14:22:43   ├─ /uses/programming/error-handling.html (+0ms) 
14:22:43   └─ /uses/programming/pub-sub.html (+0ms) 
14:22:43 ▶ /work
14:22:43   └─ /work.html (+0ms) 
14:22:43 ▶ /work/[...slug]
14:22:43   ├─ /work/productivity/chrome-setup.html (+0ms) 
14:22:43   ├─ /work/design-docs/component-architecture.html (+0ms) 
14:22:43   ├─ /work/design-docs/csp-sentinel.html (+0ms) 
14:22:43   ├─ /work/platform-engineering/image-service.html (+0ms) 
14:22:43   ├─ /work/adoptions/ecommerce-ssg-to-ssr-migration.html (+0ms) 
14:22:43   ├─ /work/adoptions/design-system-adoption-playbook.html (+0ms) 
14:22:43   ├─ /work/platform-engineering/video-playback.html (+0ms) 
14:22:43   ├─ /work/platform-engineering/ssg-optimizations.html (+0ms) 
14:22:43   ├─ /work/programming/async-queue.html (+0ms) 
14:22:43   ├─ /work/programming/exponential-backoff.html (+0ms) 
14:22:43   ├─ /work/programming/js-str-len.html (+0ms) 
14:22:43   ├─ /work/programming/error-handling.html (+0ms) 
14:22:43   └─ /work/programming/pub-sub.html (+0ms) 
14:22:43 ▶ /writing
14:22:43   └─ /writing.html (+0ms) 
14:22:43 ▶ /writing/[...slug]
14:22:43   ├─ /writing/productivity/chrome-setup.html (+0ms) 
14:22:43   ├─ /writing/design-docs/component-architecture.html (+0ms) 
14:22:43   ├─ /writing/design-docs/csp-sentinel.html (+0ms) 
14:22:43   ├─ /writing/platform-engineering/image-service.html (+0ms) 
14:22:43   ├─ /writing/adoptions/ecommerce-ssg-to-ssr-migration.html (+0ms) 
14:22:43   ├─ /writing/adoptions/design-system-adoption-playbook.html (+0ms) 
14:22:43   ├─ /writing/platform-engineering/video-playback.html (+0ms) 
14:22:43   ├─ /writing/platform-engineering/ssg-optimizations.html (+0ms) 
14:22:43   ├─ /writing/programming/async-queue.html (+0ms) 
14:22:43   ├─ /writing/programming/exponential-backoff.html (+0ms) 
14:22:43   ├─ /writing/programming/js-str-len.html (+0ms) 
14:22:43   ├─ /writing/programming/error-handling.html (+0ms) 
14:22:43   └─ /writing/programming/pub-sub.html (+0ms) 
14:22:43 ✓ Completed in 454ms.

 generating optimized images 
14:22:43   ▶ /_astro/smoke-test.BC88v71R_2t1G8H.webp (reused cache entry) (+1ms) (1/16)
14:22:43   ▶ /_astro/avg-load-test.COKgkvhA_Z196bxA.webp (reused cache entry) (+1ms) (2/16)
14:22:43   ▶ /_astro/spike-testing.yJEKQujA_1bOPym.webp (reused cache entry) (+1ms) (3/16)
14:22:43   ▶ /_astro/stress-test.D6QJd89j_aQS4V.webp (reused cache entry) (+1ms) (4/16)
14:22:43   ▶ /_astro/add-build-version.DJdFFEdy_Z20qMez.webp (reused cache entry) (+1ms) (5/16)
14:22:43   ▶ /_astro/soak-testing.ByNqja3D_Z53Ddh.webp (reused cache entry) (+1ms) (6/16)
14:22:43   ▶ /_astro/libuv-architecture.k8fpVbjf_CJkvL.webp (reused cache entry) (+1ms) (7/16)
14:22:43   ▶ /_astro/async-operations.W4biKFPd_Zzt9KT.webp (reused cache entry) (+1ms) (8/16)
14:22:43   ▶ /_astro/loop_iteration.x5DKI0ii_tvE7w.webp (reused cache entry) (+1ms) (9/16)
14:22:43   ▶ /_astro/error-handling.BjwBEks6_2bjA5p.webp (reused cache entry) (+3ms) (10/16)
14:22:43   ▶ /_astro/v8-flow.BJVitXTs_21aCak.webp (reused cache entry) (+1ms) (11/16)
14:22:43   ▶ /_astro/nodejs-event-loop-with-example.D3StokDq_Z1dI1C9.webp (reused cache entry) (+1ms) (12/16)
14:22:43   ▶ /_astro/dom-construction-example.invert.jprqUr-P_2ieiEC.webp (reused cache entry) (+1ms) (13/16)
14:22:43   ▶ /_astro/render-tree.invert.B6kw7eHu_Z20e0i6.webp (reused cache entry) (+1ms) (14/16)
14:22:43   ▶ /_astro/cover.DGzW0S-W_221n4Q.webp (reused cache entry) (+4ms) (15/16)
14:22:43   ▶ /_astro/crp-bytebytego.Cl1vso-J_Z1zYicI.webp (reused cache entry) (+3ms) (16/16)
14:22:43 ✓ Completed in 6ms.

14:22:43 [@astrojs/sitemap] `sitemap-index.xml` created at `dist`
14:22:43 [build] 201 page(s) built in 2.04s
14:22:43 [build] Complete!
